---
source: tests/bsp_esp32c6_render.rs
assertion_line: 67
expression: text
---
//! Clock tree initialization for DFR1172 C6 Companion.
//!
//! On ESP32-C3 peripheral clock gating and reset live in the `SYSTEM` block
//! (TRM Chapter 16 SYSREG). To bring up a peripheral this file:
//!
//! 1. Asserts reset,
//! 2. Enables the clock gate,
//! 3. Releases reset.
//!
//! CPU frequency selection against the PLL is handled by the bootrom; this
//! code does not currently reprogram the CPU clock. See `pac.rs` for the
//! constants.

use esp32c6 as pac;

/// Enable and reset every peripheral used by this board.
///
/// Called by [`crate::pac::init`] as the first bring-up step, before IO MUX
/// configuration so that peripheral registers are writable.
pub fn init() {
    let p = unsafe { pac::Peripherals::steal() };
    
    
    
    // uart0 — clock enable uart0_clk_en, reset uart0_rst_en
    p.PCR.uart0_conf().modify(|_, w| w.uart0_rst_en().set_bit());
    p.PCR.uart0_conf().modify(|_, w| w.uart0_clk_en().set_bit());
    p.PCR.uart0_conf().modify(|_, w| w.uart0_rst_en().clear_bit());
    
    // uart0 — select APB as kernel clock source
    p.PCR.uart0_sclk_conf().modify(|_, w| unsafe { w.uart0_sclk_sel().bits(1) });
    
    
    
}
