---
source: tests/bsp_microchip.rs
assertion_line: 15
expression: "&spec"
---
mcu: ATSAMD51J20A
package: TQFP64
clocks:
  pll: {}
  kernels: {}
  init_by: ~
pinctrl:
  - pin: PA00
    func: SPI0_SCK
    label: ~
    af: 0
  - pin: PA01
    func: SPI0_MOSI
    label: ~
    af: 0
peripherals:
  spi0:
    class: spi
    signals:
      sck: PA00
      mosi: PA01
    core: ~
