---
source: tests/bsp_esp32p4_render.rs
assertion_line: 74
expression: text
---
//! IO MUX and GPIO matrix routing for DFR1172 FireBeetle 2 P4.
//!
//! For each assigned pin we either:
//!
//! * take the **direct IO MUX fast path** by writing the `mcu_sel` field of
//!   `IO_MUX.gpio<n>` when the peripheral signal has `iomux_pin == gpio`;
//! * or fall back to the **GPIO matrix**, writing
//!   `GPIO.func<id>_out_sel_cfg` / `func<id>_in_sel_cfg` so the signal is
//!   routed through the matrix.
//!
//! Pins tagged `flash_reserved` in the chip IR are filtered out upstream by
//! `espressif::load::merge`; any that reach this file are a generator bug.

use esp32p4 as pac;

/// Apply the board's pin mux and GPIO matrix routing.
pub fn init() {
    let p = unsafe { pac::Peripherals::steal() };
    
    // GPIO3 — LED
    
    // Plain GPIO (no peripheral): configure IO MUX for software-driven GPIO
    p.IO_MUX.gpio(3).modify(|_, w| unsafe {
        w.mcu_sel().bits(1)
         .fun_ie().clear_bit()
         .fun_wpu().clear_bit()
         .fun_wpd().clear_bit()
    });
    
    p.GPIO.enable_w1ts().write(|w| unsafe { w.bits(1 << 3) });
    
    
    
    // GPIO35 — BOOT
    
    // Plain GPIO (no peripheral): configure IO MUX for software-driven GPIO
    p.IO_MUX.gpio(35).modify(|_, w| unsafe {
        w.mcu_sel().bits(1)
         .fun_ie().set_bit()
         .fun_wpu().set_bit()
         .fun_wpd().clear_bit()
    });
    
    
    
    // GPIO7 — I2C0_SCL (i2c0)
    
    // Plain GPIO (no peripheral): configure IO MUX for software-driven GPIO
    p.IO_MUX.gpio(7).modify(|_, w| unsafe {
        w.mcu_sel().bits(1)
         .fun_ie().set_bit()
         .fun_wpu().set_bit()
         .fun_wpd().clear_bit()
    });
    
    
    
    // GPIO8 — I2C0_SDA (i2c0)
    
    // Plain GPIO (no peripheral): configure IO MUX for software-driven GPIO
    p.IO_MUX.gpio(8).modify(|_, w| unsafe {
        w.mcu_sel().bits(1)
         .fun_ie().set_bit()
         .fun_wpu().set_bit()
         .fun_wpd().clear_bit()
    });
    
    
    
}
