---
source: tests/bsp_nordic.rs
assertion_line: 15
expression: "&spec"
---
mcu: NRF52840
package: QFN48
clocks:
  pll: {}
  kernels: {}
  init_by: ~
pinctrl:
  - pin: P0.03
    func: SPI0_SCK
    label: ~
    af: 0
  - pin: P0.04
    func: SPI0_MOSI
    label: ~
    af: 0
peripherals:
  spi0:
    class: spi
    signals:
      sck: P0.03
      mosi: P0.04
    core: ~
