---
source: tests/bsp_nxp_render.rs
expression: content
---
//! Per-peripheral initialization for MIMXRT1060-EVKB.
//!
//! Enables and configures each peripheral used by the board.
//! IOMUX pin routing is done in `iomux.rs`; this module handles the
//! peripheral-internal configuration (baud rate, clock frequency, etc.).

/// Initialize every board peripheral in dependency order.
pub fn init() {
    
    init_lpuart1();
    
    init_lpi2c1();
    
    init_usdhc1();
    
}






/// Initialize LPUART1 as console at 115200 baud.
pub fn init_lpuart1() {
    let base = 1075331072u32 as *mut u32;
    unsafe {
        // Disable UART before configuration (CTRL register offset 0x18).
        let ctrl = base.byte_add(0x18);
        core::ptr::write_volatile(ctrl, 0);

        // Set baud rate: BAUD register at offset 0x10.
        // OSR=15 (16x oversampling), SBR = IPG_HZ / (baud * (OSR+1))
        let sbr = super::clocks::IPG_HZ / (115200 * 16);
        let baud = base.byte_add(0x10);
        core::ptr::write_volatile(baud, (15 << 24) | (sbr & 0x1FFF));

        // Enable TX and RX (CTRL.TE=1, CTRL.RE=1).
        core::ptr::write_volatile(ctrl, (1 << 19) | (1 << 18));
    }
}







/// Initialize LPI2C1 as I2C master.
pub fn init_lpi2c1() {
    let base = 1077870592u32 as *mut u32;
    unsafe {
        // Reset master (MCR offset 0x10, bit 1 = RST).
        let mcr = base.byte_add(0x10);
        core::ptr::write_volatile(mcr, 1 << 1);
        // Wait for reset to clear.
        while core::ptr::read_volatile(mcr) & (1 << 1) != 0 {}

        
        // Configure clock: MCCR0 at offset 0x48.
        // CLKHI/CLKLO for ~400000 Hz from IPG clock.
        let prescale = 1u32; // PRESCALE = 0 (div by 1)
        let clk_lo = super::clocks::IPG_HZ / (400000 * 2 * (prescale + 1));
        let clk_hi = clk_lo;
        let mccr0 = base.byte_add(0x48);
        core::ptr::write_volatile(mccr0, (clk_hi << 8) | clk_lo);
        

        // Enable master (MCR.MEN = bit 0).
        core::ptr::write_volatile(mcr, 1);
    }
}







/// Initialize USDHC1 (SD/MMC).
pub fn init_usdhc1() {
    // TODO: USDHC initialization — set initial clock divider,
    // bus width, and card detect.
}
